Microchip MPLAB XC8 Compiler V1.33 ()

Linker command line:

--edf=C:\Program Files (x86)\Microchip\xc8\v1.33\dat\en_msgs.txt -cs \
  -h+dist/default/production\8x8_clock_thermo.X.production.sym \
  --cmf=dist/default/production\8x8_clock_thermo.X.production.cmf -z \
  -Q16F877A -oC:\Users\Phil\AppData\Local\Temp\s5dc.6 \
  -Mdist/default/production/8x8_clock_thermo.X.production.map -E1 -ver=XC8 \
  -ASTACK=0110h-016fh -pstack=STACK -ACONST=00h-0FFhx32 -ACODE=00h-07FFhx4 \
  -ASTRCODE=00h-01FFFh -AENTRY=00h-0FFhx32 -ASTRING=00h-0FFhx32 \
  -ACOMMON=070h-07Fh -ABANK0=020h-06Fh -ABANK1=0A0h-0EFh \
  -ABANK2=0110h-016Fh -ABANK3=0190h-01EFh \
  -ARAM=020h-06Fh,0A0h-0EFh,0110h-016Fh,0190h-01EFh \
  -AABS1=020h-07Fh,0A0h-0EFh,0110h-016Fh,0190h-01EFh -ASFR0=00h-01Fh \
  -ASFR1=080h-09Fh -ASFR2=0100h-010Fh -ASFR3=0180h-018Fh \
  -preset_vec=00h,intentry=04h,init,end_init -ppowerup=CODE -pcinit=CODE \
  -pfunctab=CODE -ACONFIG=02007h-02007h -pconfig=CONFIG -DCONFIG=2 \
  -AIDLOC=02000h-02003h -pidloc=IDLOC -DIDLOC=2 -AEEDATA=00h-0FFh/02100h \
  -peeprom_data=EEDATA -DEEDATA=2 -DCODE=2 -DSTRCODE=2 -DSTRING=2 -DCONST=2 \
  -DENTRY=2 -k C:\Users\Phil\AppData\Local\Temp\s5dc.obj \
  dist/default/production\8x8_clock_thermo.X.production.obj 

Object code version is 3.11

Machine type is 16F877A



                Name                               Link     Load   Length Selector   Space Scale
C:\Users\Phil\AppData\Local\Temp\s5dc.obj
                end_init                             12       12        3        8       0
                reset_vec                             0        0        3        0       0
                config                             2007     2007        1     400E       0
dist/default/production\8x8_clock_thermo.X.production.obj
                cinit                                15       15       18        8       0
                intentry                              4        4        E        8       0
                text18                              556      556        F        8       0
                text17                              505      505       12        8       0
                text16                               2D       2D       FD        8       0
                text15                              22E      22E       6C        8       0
                text14                              2FB      2FB       5B        8       0
                text13                              3FC      3FC       4D        8       0
                text12                              12A      12A       8B        8       0
                text11                              1B5      1B5       79        8       0
                text10                              547      547        F        8       0
                text9                               4F1      4F1       14        8       0
                text8                               449      449       47        8       0
                text7                               538      538        F        8       0
                text6                               490      490       39        8       0
                text5                               3AF      3AF       4D        8       0
                text4                               29A      29A       61        8       0
                text3                               565      565        B        8       0
                text2                               528      528       10        8       0
                text1                               578      578        8        8       0
                maintext                            356      356       59        8       0
                cstackBANK0                          20       20       33       20       1
                cstackCOMMON                         70       70        E       70       1
                cstackBANK1                          C8       C8        5       A0       1
                inittext                            517      517       11        8       0
                clrtext                             570      570        8        8       0
                dataBANK1                            A0       A0       28       A0       1
                bssBANK0                             53       53       13       20       1
                idataBANK1                          4C9      4C9       28        8       0

TOTAL           Name                               Link     Load   Length     Space
        CLASS   STACK          

        CLASS   CONST          

        CLASS   CODE           
                end_init                             12       12        3         0
                cinit                                15       15       18         0
                intentry                              4        4        E         0
                reset_vec                             0        0        3         0
                text18                              556      556        F         0
                text17                              505      505       12         0
                text16                               2D       2D       FD         0
                text15                              22E      22E       6C         0
                text14                              2FB      2FB       5B         0
                text13                              3FC      3FC       4D         0
                text12                              12A      12A       8B         0
                text11                              1B5      1B5       79         0
                text10                              547      547        F         0
                text9                               4F1      4F1       14         0
                text8                               449      449       47         0
                text7                               538      538        F         0
                text6                               490      490       39         0
                text5                               3AF      3AF       4D         0
                text4                               29A      29A       61         0
                text3                               565      565        B         0
                text2                               528      528       10         0
                text1                               578      578        8         0
                maintext                            356      356       59         0
                inittext                            517      517       11         0
                clrtext                             570      570        8         0
                idataBANK1                          4C9      4C9       28         0

        CLASS   STRCODE        

        CLASS   ENTRY          

        CLASS   STRING         

        CLASS   COMMON         
                cstackCOMMON                         70       70        E         1

        CLASS   BANK0          
                cstackBANK0                          20       20       33         1
                bssBANK0                             53       53       13         1

        CLASS   BANK1          
                cstackBANK1                          C8       C8        5         1
                dataBANK1                            A0       A0       28         1

        CLASS   BANK2          

        CLASS   BANK3          

        CLASS   RAM            

        CLASS   ABS1           
                abs_s1                               7E       7E        2         1

        CLASS   SFR0           

        CLASS   SFR1           

        CLASS   SFR2           

        CLASS   SFR3           

        CLASS   CONFIG         
                config                             2007     2007        1         0

        CLASS   IDLOC          

        CLASS   EEDATA         



SEGMENTS        Name                           Load    Length   Top    Selector   Space  Class     Delta

                reset_vec                      000000  000003  000003         0       0  CODE        2
                intentry                       000004  00057C  000580         8       0  CODE        2
                cstackBANK0                    000020  000046  000066        20       1  BANK0       1
                cstackCOMMON                   000070  00000E  00007E        70       1  COMMON      1
                dataBANK1                      0000A0  00002D  0000CD        A0       1  BANK1       1
                config                         002007  000001  002008      400E       0  CONFIG      2


UNUSED ADDRESS RANGES

        Name                Unused          Largest block    Delta
        BANK0            0066-006F              A           1
        BANK1            00CD-00EF             23           1
        BANK2            0110-016F             60           1
        BANK3            0190-01EF             60           1
        CODE             0003-0003              1           2
                         0580-1FFF            800
        CONST            0003-0003              1           2
                         0580-1FFF            100
        EEDATA           2100-21FF            100           2
        ENTRY            0003-0003              1           2
                         0580-1FFF            100
        IDLOC            2000-2003              4           2
        RAM              0066-006F              A           1
                         00CD-00EF             23
                         0110-016F             60
                         0190-01EF             60
        SFR0             0000-001F             20           1
        SFR1             0080-009F             20           1
        SFR2             0100-010F             10           1
        SFR3             0180-018F             10           1
        STACK            0110-016F             60           1
        STRCODE          0003-0003              1           2
                         0580-1FFF           1A80
        STRING           0003-0003              1           2
                         0580-1FFF            100

                                  Symbol Table

?___awdiv                       cstackCOMMON 0070
?___awmod                       cstackCOMMON 0070
_INTCONbits                     (abs)        000B
_PIE1bits                       (abs)        008C
_PIR1bits                       (abs)        000C
_PORTAbits                      (abs)        0005
_PORTCbits                      (abs)        0007
_RD0                            (abs)        0040
_RD1                            (abs)        0041
_SSPBUF                         (abs)        0013
_SSPCONbits                     (abs)        0014
_SSPSTATbits                    (abs)        0094
_T1CONbits                      (abs)        0010
_TMR1H                          (abs)        000F
_TMR1L                          (abs)        000E
_TRISAbits                      (abs)        0085
_TRISCbits                      (abs)        0087
_TRISDbits                      (abs)        0088
__CFG_BOREN$OFF                 (abs)        0000
__CFG_CP$OFF                    (abs)        0000
__CFG_CPD$OFF                   (abs)        0000
__CFG_FOSC$XT                   (abs)        0000
__CFG_LVP$OFF                   (abs)        0000
__CFG_PWRTE$OFF                 (abs)        0000
__CFG_WDTE$OFF                  (abs)        0000
__CFG_WRT$OFF                   (abs)        0000
__Habs1                         abs1         0000
__Hbank0                        bank0        0000
__Hbank1                        bank1        0000
__Hbank2                        bank2        0000
__Hbank3                        bank3        0000
__HbssBANK0                     bssBANK0     0000
__Hcinit                        cinit        002D
__Hclrtext                      clrtext      0000
__Hcode                         code         0000
__Hcommon                       common       0000
__Hconfig                       config       2008
__HcstackBANK0                  cstackBANK0  0000
__HcstackBANK1                  cstackBANK1  0000
__HcstackCOMMON                 cstackCOMMON 0000
__HdataBANK1                    dataBANK1    0000
__Heeprom_data                  eeprom_data  0000
__Hend_init                     end_init     0015
__Hfunctab                      functab      0000
__HidataBANK1                   idataBANK1   0000
__Hidloc                        idloc        0000
__Hinit                         init         0012
__Hinittext                     inittext     0000
__Hintentry                     intentry     0012
__Hmaintext                     maintext     0000
__Hpowerup                      powerup      0000
__Hram                          ram          0000
__Hreset_vec                    reset_vec    0003
__Hsfr0                         sfr0         0000
__Hsfr1                         sfr1         0000
__Hsfr2                         sfr2         0000
__Hsfr3                         sfr3         0000
__Hspace_0                      (abs)        2008
__Hspace_1                      (abs)        00CD
__Hspace_2                      (abs)        0000
__Hspace_3                      (abs)        0000
__Hstack                        stack        0000
__Hstrings                      strings      0000
__Htext                         text         0000
__Labs1                         abs1         0000
__Lbank0                        bank0        0000
__Lbank1                        bank1        0000
__Lbank2                        bank2        0000
__Lbank3                        bank3        0000
__LbssBANK0                     bssBANK0     0000
__Lcinit                        cinit        0015
__Lclrtext                      clrtext      0000
__Lcode                         code         0000
__Lcommon                       common       0000
__Lconfig                       config       2007
__LcstackBANK0                  cstackBANK0  0000
__LcstackBANK1                  cstackBANK1  0000
__LcstackCOMMON                 cstackCOMMON 0000
__LdataBANK1                    dataBANK1    0000
__Leeprom_data                  eeprom_data  0000
__Lend_init                     end_init     0012
__Lfunctab                      functab      0000
__LidataBANK1                   idataBANK1   0000
__Lidloc                        idloc        0000
__Linit                         init         0012
__Linittext                     inittext     0000
__Lintentry                     intentry     0004
__Lmaintext                     maintext     0000
__Lpowerup                      powerup      0000
__Lram                          ram          0000
__Lreset_vec                    reset_vec    0000
__Lsfr0                         sfr0         0000
__Lsfr1                         sfr1         0000
__Lsfr2                         sfr2         0000
__Lsfr3                         sfr3         0000
__Lspace_0                      (abs)        0000
__Lspace_1                      (abs)        0000
__Lspace_2                      (abs)        0000
__Lspace_3                      (abs)        0000
__Lstack                        stack        0000
__Lstrings                      strings      0000
__Ltext                         text         0000
__S0                            (abs)        2008
__S1                            (abs)        00CD
__S2                            (abs)        0000
__S3                            (abs)        0000
___awdiv                        text14       02FB
___awdiv@counter                cstackCOMMON 0075
___awdiv@dividend               cstackCOMMON 0072
___awdiv@divisor                cstackCOMMON 0070
___awdiv@quotient               cstackCOMMON 0077
___awdiv@sign                   cstackCOMMON 0076
___awmod                        text13       03FC
___awmod@counter                cstackCOMMON 0075
___awmod@dividend               cstackCOMMON 0072
___awmod@divisor                cstackCOMMON 0070
___awmod@sign                   cstackCOMMON 0076
___int_sp                       stack        0000
___latbits                      (abs)        0002
___sp                           stack        0000
__end_of___awdiv                text14       0356
__end_of___awmod                text13       0449
__end_of__initialization        cinit        0029
__end_of_clear_display          text8        0490
__end_of_configTimer1           text7        0547
__end_of_init1_max7219          text6        04C9
__end_of_init2_max7219          text5        03FC
__end_of_init3_max7219          text4        02FB
__end_of_init_ports             text3        0570
__end_of_init_spi               text2        0538
__end_of_isr                    text11       022E
__end_of_main                   maintext     03AF
__end_of_num_lookup             text15       029A
__end_of_send_no_op_spi_byte    text10       0556
__end_of_send_spi_byte          text9        0505
__end_of_split_digits           text12       01B5
__end_of_tmr1On                 text1        0580
__end_of_updateDisplay          text16       012A
__end_ofi1_send_no_op_spi_byte  text18       0565
__end_ofi1_send_spi_byte        text17       0517
__initialization                cinit        0015
__pbssBANK0                     bssBANK0     0053
__pcstackBANK0                  cstackBANK0  0020
__pcstackBANK1                  cstackBANK1  00C8
__pcstackCOMMON                 cstackCOMMON 0070
__pdataBANK1                    dataBANK1    00A0
__pidataBANK1                   idataBANK1   04C9
__pintentry                     intentry     0004
__pmaintext                     maintext     0356
__ptext1                        text1        0578
__ptext10                       text10       0547
__ptext11                       text11       01B5
__ptext12                       text12       012A
__ptext13                       text13       03FC
__ptext14                       text14       02FB
__ptext15                       text15       022E
__ptext16                       text16       002D
__ptext17                       text17       0505
__ptext18                       text18       0556
__ptext2                        text2        0528
__ptext3                        text3        0565
__ptext4                        text4        029A
__ptext5                        text5        03AF
__ptext6                        text6        0490
__ptext7                        text7        0538
__ptext8                        text8        0449
__ptext9                        text9        04F1
__size_of___awdiv               (abs)        0000
__size_of___awmod               (abs)        0000
__size_of_clear_display         (abs)        0000
__size_of_configTimer1          (abs)        0000
__size_of_init1_max7219         (abs)        0000
__size_of_init2_max7219         (abs)        0000
__size_of_init3_max7219         (abs)        0000
__size_of_init_ports            (abs)        0000
__size_of_init_spi              (abs)        0000
__size_of_isr                   (abs)        0000
__size_of_main                  (abs)        0000
__size_of_num_lookup            (abs)        0000
__size_of_send_no_op_spi_byte   (abs)        0000
__size_of_send_spi_byte         (abs)        0000
__size_of_split_digits          (abs)        0000
__size_of_tmr1On                (abs)        0000
__size_of_updateDisplay         (abs)        0000
__size_ofi1_send_no_op_spi_byte (abs)        0000
__size_ofi1_send_spi_byte       (abs)        0000
_clear_display                  text8        0449
_configTimer1                   text7        0538
_hours                          bssBANK0     0053
_hours_lsb                      bssBANK0     0055
_hours_msb                      bssBANK0     0057
_init1_max7219                  text6        0490
_init2_max7219                  text5        03AF
_init3_max7219                  text4        029A
_init_ports                     text3        0565
_init_spi                       text2        0528
_isr                            text11       01B5
_j                              bssBANK0     0065
_main                           maintext     0356
_mins_lsb                       bssBANK0     0059
_mins_msb                       bssBANK0     005B
_minutes                        bssBANK0     005D
_num_lookup                     text15       022E
_seconds                        bssBANK0     005F
_secs_lsb                       bssBANK0     0061
_secs_msb                       bssBANK0     0063
_send_no_op_spi_byte            text10       0547
_send_spi_byte                  text9        04F1
_split_digits                   text12       012A
_tmr1On                         text1        0578
_updateDisplay                  text16       002D
btemp                           (abs)        007E
clear_display@i                 cstackBANK1  00CB
clear_ram0                      clrtext      0570
end_of_initialization           cinit        0029
i1_send_no_op_spi_byte          text18       0556
i1_send_spi_byte                text17       0505
i1send_spi_byte@addr            cstackCOMMON 0071
i1send_spi_byte@data            cstackCOMMON 0070
init_fetch0                     inittext     0517
init_ram0                       inittext     051B
interrupt_function              intentry     0004
intlevel0                       functab      0000
intlevel1                       functab      0000
intlevel2                       functab      0000
intlevel3                       functab      0000
intlevel4                       functab      0000
intlevel5                       functab      0000
ltemp                           (abs)        007E
ltemp0                          (abs)        007E
ltemp1                          (abs)        0082
ltemp2                          (abs)        0086
ltemp3                          (abs)        0080
num_lookup@F1301                dataBANK1    00A0
num_lookup@num                  cstackBANK0  002B
reset_vec                       reset_vec    0000
saved_w                         (abs)        007E
send_spi_byte@addr              cstackBANK1  00C9
send_spi_byte@data              cstackBANK1  00C8
stackhi                         (abs)        0000
stacklo                         (abs)        0000
start                           init         0012
start_initialization            cinit        0015
ttemp                           (abs)        007E
ttemp0                          (abs)        007E
ttemp1                          (abs)        0081
ttemp2                          (abs)        0084
ttemp3                          (abs)        0087
ttemp4                          (abs)        007F
updateDisplay@hours_digit       cstackCOMMON 0072
updateDisplay@i                 cstackCOMMON 0079
updateDisplay@mins_digit        cstackCOMMON 0074
updateDisplay@secs_digit        cstackCOMMON 0076
updateDisplay@tens_hours_digit  cstackCOMMON 0078
updateDisplay@tens_mins_digit   cstackCOMMON 0073
updateDisplay@tens_secs_digit   cstackCOMMON 0075
wtemp                           (abs)        007E
wtemp0                          (abs)        007E
wtemp1                          (abs)        0080
wtemp2                          (abs)        0082
wtemp3                          (abs)        0084
wtemp4                          (abs)        0086
wtemp5                          (abs)        0088
wtemp6                          (abs)        007F


FUNCTION INFORMATION:

 *************** function _main *****************
 Defined at:
		line 29 in file "main.c"
 Parameters:    Size  Location     Type
  1309            1    wreg     unsigned char 
 Auto vars:     Size  Location     Type
  1309            1    0[COMMON] unsigned char 
 Return value:  Size  Location     Type
                  1    wreg      unsigned char 
 Registers used:
		wreg, status,2, status,0, pclath, cstack
 Tracked objects:
		On entry : 
		On exit  : 
		Unchanged: 
 Data sizes:     COMMON   BANK0   BANK1   BANK3   BANK2
      Params:         0       0       0       0       0
      Locals:         0       0       0       0       0
      Temps:          0       0       1       0       0
      Totals:         0       0       1       0       0
Total ram usage:        1 bytes
 Hardware stack levels required when called:    6
 This function calls:
		_clear_display
		_configTimer1
		_init1_max7219
		_init2_max7219
		_init3_max7219
		_init_ports
		_init_spi
		_tmr1On
 This function is called by:
		Startup code after reset
 This function uses a non-reentrant model


 *************** function _tmr1On *****************
 Defined at:
		line 2 in file "tmr1On.c"
 Parameters:    Size  Location     Type
		None
 Auto vars:     Size  Location     Type
		None
 Return value:  Size  Location     Type
		None               void
 Registers used:
		wreg
 Tracked objects:
		On entry : 
		On exit  : 
		Unchanged: 
 Data sizes:     COMMON   BANK0   BANK1   BANK3   BANK2
      Params:         0       0       0       0       0
      Locals:         0       0       0       0       0
      Temps:          0       0       0       0       0
      Totals:         0       0       0       0       0
Total ram usage:        0 bytes
 Hardware stack levels used:    1
 Hardware stack levels required when called:    4
 This function calls:
		Nothing
 This function is called by:
		_main
 This function uses a non-reentrant model


 *************** function _init_spi *****************
 Defined at:
		line 4 in file "init_spi.c"
 Parameters:    Size  Location     Type
		None
 Auto vars:     Size  Location     Type
		None
 Return value:  Size  Location     Type
		None               void
 Registers used:
		wreg, status,2, status,0
 Tracked objects:
		On entry : 
		On exit  : 
		Unchanged: 
 Data sizes:     COMMON   BANK0   BANK1   BANK3   BANK2
      Params:         0       0       0       0       0
      Locals:         0       0       0       0       0
      Temps:          0       0       0       0       0
      Totals:         0       0       0       0       0
Total ram usage:        0 bytes
 Hardware stack levels used:    1
 Hardware stack levels required when called:    4
 This function calls:
		Nothing
 This function is called by:
		_main
 This function uses a non-reentrant model


 *************** function _init_ports *****************
 Defined at:
		line 3 in file "init_ports.c"
 Parameters:    Size  Location     Type
		None
 Auto vars:     Size  Location     Type
		None
 Return value:  Size  Location     Type
		None               void
 Registers used:
		None
 Tracked objects:
		On entry : 
		On exit  : 
		Unchanged: 
 Data sizes:     COMMON   BANK0   BANK1   BANK3   BANK2
      Params:         0       0       0       0       0
      Locals:         0       0       0       0       0
      Temps:          0       0       0       0       0
      Totals:         0       0       0       0       0
Total ram usage:        0 bytes
 Hardware stack levels used:    1
 Hardware stack levels required when called:    4
 This function calls:
		Nothing
 This function is called by:
		_main
 This function uses a non-reentrant model


 *************** function _init3_max7219 *****************
 Defined at:
		line 5 in file "init3_max7219.c"
 Parameters:    Size  Location     Type
		None
 Auto vars:     Size  Location     Type
		None
 Return value:  Size  Location     Type
		None               void
 Registers used:
		wreg, status,2, status,0, pclath, cstack
 Tracked objects:
		On entry : 
		On exit  : 
		Unchanged: 
 Data sizes:     COMMON   BANK0   BANK1   BANK3   BANK2
      Params:         0       0       0       0       0
      Locals:         0       0       0       0       0
      Temps:          0       0       1       0       0
      Totals:         0       0       1       0       0
Total ram usage:        1 bytes
 Hardware stack levels used:    1
 Hardware stack levels required when called:    5
 This function calls:
		_send_no_op_spi_byte
		_send_spi_byte
 This function is called by:
		_main
 This function uses a non-reentrant model


 *************** function _init2_max7219 *****************
 Defined at:
		line 5 in file "init2_max7219.c"
 Parameters:    Size  Location     Type
		None
 Auto vars:     Size  Location     Type
		None
 Return value:  Size  Location     Type
		None               void
 Registers used:
		wreg, status,2, status,0, pclath, cstack
 Tracked objects:
		On entry : 
		On exit  : 
		Unchanged: 
 Data sizes:     COMMON   BANK0   BANK1   BANK3   BANK2
      Params:         0       0       0       0       0
      Locals:         0       0       0       0       0
      Temps:          0       0       1       0       0
      Totals:         0       0       1       0       0
Total ram usage:        1 bytes
 Hardware stack levels used:    1
 Hardware stack levels required when called:    5
 This function calls:
		_send_no_op_spi_byte
		_send_spi_byte
 This function is called by:
		_main
 This function uses a non-reentrant model


 *************** function _init1_max7219 *****************
 Defined at:
		line 4 in file "init1_max7219.c"
 Parameters:    Size  Location     Type
		None
 Auto vars:     Size  Location     Type
		None
 Return value:  Size  Location     Type
		None               void
 Registers used:
		wreg, status,2, status,0, pclath, cstack
 Tracked objects:
		On entry : 
		On exit  : 
		Unchanged: 
 Data sizes:     COMMON   BANK0   BANK1   BANK3   BANK2
      Params:         0       0       0       0       0
      Locals:         0       0       0       0       0
      Temps:          0       0       1       0       0
      Totals:         0       0       1       0       0
Total ram usage:        1 bytes
 Hardware stack levels used:    1
 Hardware stack levels required when called:    5
 This function calls:
		_send_spi_byte
 This function is called by:
		_main
 This function uses a non-reentrant model


 *************** function _configTimer1 *****************
 Defined at:
		line 2 in file "configTimer1.c"
 Parameters:    Size  Location     Type
		None
 Auto vars:     Size  Location     Type
		None
 Return value:  Size  Location     Type
		None               void
 Registers used:
		wreg
 Tracked objects:
		On entry : 
		On exit  : 
		Unchanged: 
 Data sizes:     COMMON   BANK0   BANK1   BANK3   BANK2
      Params:         0       0       0       0       0
      Locals:         0       0       0       0       0
      Temps:          0       0       0       0       0
      Totals:         0       0       0       0       0
Total ram usage:        0 bytes
 Hardware stack levels used:    1
 Hardware stack levels required when called:    4
 This function calls:
		Nothing
 This function is called by:
		_main
 This function uses a non-reentrant model


 *************** function _clear_display *****************
 Defined at:
		line 3 in file "clear_display.c"
 Parameters:    Size  Location     Type
		None
 Auto vars:     Size  Location     Type
  i               1    3[BANK1 ] unsigned char 
 Return value:  Size  Location     Type
		None               void
 Registers used:
		wreg, status,2, status,0, pclath, cstack
 Tracked objects:
		On entry : 
		On exit  : 
		Unchanged: 
 Data sizes:     COMMON   BANK0   BANK1   BANK3   BANK2
      Params:         0       0       0       0       0
      Locals:         0       0       1       0       0
      Temps:          0       0       1       0       0
      Totals:         0       0       2       0       0
Total ram usage:        2 bytes
 Hardware stack levels used:    1
 Hardware stack levels required when called:    5
 This function calls:
		_send_no_op_spi_byte
		_send_spi_byte
 This function is called by:
		_main
 This function uses a non-reentrant model


 *************** function _send_spi_byte *****************
 Defined at:
		line 3 in file "send_spi_byte.c"
 Parameters:    Size  Location     Type
  addr            1    wreg     unsigned char 
  data            1    0[BANK1 ] unsigned char 
 Auto vars:     Size  Location     Type
  addr            1    1[BANK1 ] unsigned char 
 Return value:  Size  Location     Type
		None               void
 Registers used:
		wreg
 Tracked objects:
		On entry : 
		On exit  : 
		Unchanged: 
 Data sizes:     COMMON   BANK0   BANK1   BANK3   BANK2
      Params:         0       0       1       0       0
      Locals:         0       0       1       0       0
      Temps:          0       0       0       0       0
      Totals:         0       0       2       0       0
Total ram usage:        2 bytes
 Hardware stack levels used:    1
 Hardware stack levels required when called:    4
 This function calls:
		Nothing
 This function is called by:
		_init1_max7219
		_init2_max7219
		_init3_max7219
		_clear_display
 This function uses a non-reentrant model


 *************** function _send_no_op_spi_byte *****************
 Defined at:
		line 2 in file "send_no_op_spi_byte.c"
 Parameters:    Size  Location     Type
		None
 Auto vars:     Size  Location     Type
		None
 Return value:  Size  Location     Type
		None               void
 Registers used:
		status,2
 Tracked objects:
		On entry : 
		On exit  : 
		Unchanged: 
 Data sizes:     COMMON   BANK0   BANK1   BANK3   BANK2
      Params:         0       0       0       0       0
      Locals:         0       0       0       0       0
      Temps:          0       0       0       0       0
      Totals:         0       0       0       0       0
Total ram usage:        0 bytes
 Hardware stack levels used:    1
 Hardware stack levels required when called:    4
 This function calls:
		Nothing
 This function is called by:
		_init2_max7219
		_init3_max7219
		_clear_display
 This function uses a non-reentrant model


 *************** function _isr *****************
 Defined at:
		line 4 in file "interrupt isr.c"
 Parameters:    Size  Location     Type
		None
 Auto vars:     Size  Location     Type
		None
 Return value:  Size  Location     Type
		None               void
 Registers used:
		wreg, fsr0l, fsr0h, status,2, status,0, btemp+1, pclath, cstack
 Tracked objects:
		On entry : 
		On exit  : 
		Unchanged: 
 Data sizes:     COMMON   BANK0   BANK1   BANK3   BANK2
      Params:         0       0       0       0       0
      Locals:         0       0       0       0       0
      Temps:          4       0       0       0       0
      Totals:         4       0       0       0       0
Total ram usage:        4 bytes
 Hardware stack levels used:    1
 Hardware stack levels required when called:    3
 This function calls:
		_num_lookup
		_split_digits
 This function is called by:
		Interrupt level 1
 This function uses a non-reentrant model


 *************** function _split_digits *****************
 Defined at:
		line 4 in file "split_digits.c"
 Parameters:    Size  Location     Type
		None
 Auto vars:     Size  Location     Type
		None
 Return value:  Size  Location     Type
                  2  148[COMMON] int 
 Registers used:
		wreg, status,2, status,0, pclath, cstack
 Tracked objects:
		On entry : 
		On exit  : 
		Unchanged: 
 Data sizes:     COMMON   BANK0   BANK1   BANK3   BANK2
      Params:         0       0       0       0       0
      Locals:         0       0       0       0       0
      Temps:          0       0       0       0       0
      Totals:         0       0       0       0       0
Total ram usage:        0 bytes
 Hardware stack levels used:    1
 Hardware stack levels required when called:    1
 This function calls:
		___awdiv
		___awmod
 This function is called by:
		_isr
 This function uses a non-reentrant model


 *************** function ___awmod *****************
 Defined at:
		line 6 in file "C:\Program Files (x86)\Microchip\xc8\v1.33\sources\common\awmod.c"
 Parameters:    Size  Location     Type
  divisor         2    0[COMMON] int 
  dividend        2    2[COMMON] int 
 Auto vars:     Size  Location     Type
  sign            1    6[COMMON] unsigned char 
  counter         1    5[COMMON] unsigned char 
 Return value:  Size  Location     Type
                  2    0[COMMON] int 
 Registers used:
		wreg, status,2, status,0
 Tracked objects:
		On entry : 
		On exit  : 
		Unchanged: 
 Data sizes:     COMMON   BANK0   BANK1   BANK3   BANK2
      Params:         4       0       0       0       0
      Locals:         2       0       0       0       0
      Temps:          1       0       0       0       0
      Totals:         7       0       0       0       0
Total ram usage:        7 bytes
 Hardware stack levels used:    1
 This function calls:
		Nothing
 This function is called by:
		_split_digits
 This function uses a non-reentrant model


 *************** function ___awdiv *****************
 Defined at:
		line 6 in file "C:\Program Files (x86)\Microchip\xc8\v1.33\sources\common\awdiv.c"
 Parameters:    Size  Location     Type
  divisor         2    0[COMMON] int 
  dividend        2    2[COMMON] int 
 Auto vars:     Size  Location     Type
  quotient        2    7[COMMON] int 
  sign            1    6[COMMON] unsigned char 
  counter         1    5[COMMON] unsigned char 
 Return value:  Size  Location     Type
                  2    0[COMMON] int 
 Registers used:
		wreg, status,2, status,0
 Tracked objects:
		On entry : 
		On exit  : 
		Unchanged: 
 Data sizes:     COMMON   BANK0   BANK1   BANK3   BANK2
      Params:         4       0       0       0       0
      Locals:         4       0       0       0       0
      Temps:          1       0       0       0       0
      Totals:         9       0       0       0       0
Total ram usage:        9 bytes
 Hardware stack levels used:    1
 This function calls:
		Nothing
 This function is called by:
		_split_digits
 This function uses a non-reentrant model


 *************** function _num_lookup *****************
 Defined at:
		line 7 in file "num_lookup.c"
 Parameters:    Size  Location     Type
		None
 Auto vars:     Size  Location     Type
  num            40   11[BANK0 ] unsigned char [40]
 Return value:  Size  Location     Type
                  2  150[COMMON] int 
 Registers used:
		wreg, fsr0l, fsr0h, status,2, status,0, pclath, cstack
 Tracked objects:
		On entry : 
		On exit  : 
		Unchanged: 
 Data sizes:     COMMON   BANK0   BANK1   BANK3   BANK2
      Params:         0       0       0       0       0
      Locals:         0      40       0       0       0
      Temps:          0      11       0       0       0
      Totals:         0      51       0       0       0
Total ram usage:       51 bytes
 Hardware stack levels used:    1
 Hardware stack levels required when called:    2
 This function calls:
		_updateDisplay
 This function is called by:
		_isr
 This function uses a non-reentrant model


 *************** function _updateDisplay *****************
 Defined at:
		line 4 in file "updateDisplay.c"
 Parameters:    Size  Location     Type
  tens_hours_d    1    wreg     PTR unsigned char 
		 -> num_lookup@num(40), 
  hours_digit     1    2[COMMON] PTR unsigned char 
		 -> num_lookup@num(40), 
  tens_mins_di    1    3[COMMON] PTR unsigned char 
		 -> num_lookup@num(40), 
  mins_digit      1    4[COMMON] PTR unsigned char 
		 -> num_lookup@num(40), 
  tens_secs_di    1    5[COMMON] PTR unsigned char 
		 -> num_lookup@num(40), 
  secs_digit      1    6[COMMON] PTR unsigned char 
		 -> num_lookup@num(40), 
 Auto vars:     Size  Location     Type
  tens_hours_d    1    8[COMMON] PTR unsigned char 
		 -> num_lookup@num(40), 
  i               1    9[COMMON] unsigned char 
 Return value:  Size  Location     Type
		None               void
 Registers used:
		wreg, fsr0l, fsr0h, status,2, status,0, pclath, cstack
 Tracked objects:
		On entry : 
		On exit  : 
		Unchanged: 
 Data sizes:     COMMON   BANK0   BANK1   BANK3   BANK2
      Params:         5       0       0       0       0
      Locals:         2       0       0       0       0
      Temps:          1       0       0       0       0
      Totals:         8       0       0       0       0
Total ram usage:        8 bytes
 Hardware stack levels used:    1
 Hardware stack levels required when called:    1
 This function calls:
		i1_send_no_op_spi_byte
		i1_send_spi_byte
 This function is called by:
		_num_lookup
 This function uses a non-reentrant model


 *************** function i1_send_spi_byte *****************
 Defined at:
		line 3 in file "send_spi_byte.c"
 Parameters:    Size  Location     Type
  addr            1    wreg     unsigned char 
  data            1    0[COMMON] unsigned char 
 Auto vars:     Size  Location     Type
  addr            1    1[COMMON] unsigned char 
 Return value:  Size  Location     Type
		None               void
 Registers used:
		wreg
 Tracked objects:
		On entry : 
		On exit  : 
		Unchanged: 
 Data sizes:     COMMON   BANK0   BANK1   BANK3   BANK2
      Params:         1       0       0       0       0
      Locals:         1       0       0       0       0
      Temps:          0       0       0       0       0
      Totals:         2       0       0       0       0
Total ram usage:        2 bytes
 Hardware stack levels used:    1
 This function calls:
		Nothing
 This function is called by:
		_updateDisplay
 This function uses a non-reentrant model


 *************** function i1_send_no_op_spi_byte *****************
 Defined at:
		line 2 in file "send_no_op_spi_byte.c"
 Parameters:    Size  Location     Type
		None
 Auto vars:     Size  Location     Type
		None
 Return value:  Size  Location     Type
		None               void
 Registers used:
		status,2
 Tracked objects:
		On entry : 
		On exit  : 
		Unchanged: 
 Data sizes:     COMMON   BANK0   BANK1   BANK3   BANK2
      Params:         0       0       0       0       0
      Locals:         0       0       0       0       0
      Temps:          0       0       0       0       0
      Totals:         0       0       0       0       0
Total ram usage:        0 bytes
 Hardware stack levels used:    1
 This function calls:
		Nothing
 This function is called by:
		_updateDisplay
 This function uses a non-reentrant model



MODULE INFORMATION

Module		Function		Class		Link	Load	Size
configTimer1.c
		_configTimer1  		CODE           	0538	0000	15

configTimer1.c estimated size: 15

init1_max7219.c
		_init1_max7219 		CODE           	0490	0000	57

init1_max7219.c estimated size: 57

send_spi_byte.c
		_send_spi_byte 		CODE           	04F1	0000	20

send_spi_byte.c estimated size: 20

num_lookup.c
		_num_lookup    		CODE           	022E	0000	108

num_lookup.c estimated size: 108

C:\Program Files (x86)\Microchip\xc8\v1.33\sources\common\awmod.c
		___awmod       		CODE           	03FC	0000	77

C:\Program Files (x86)\Microchip\xc8\v1.33\sources\common\awmod.c estimated size: 77

init_ports.c
		_init_ports    		CODE           	0565	0000	11

init_ports.c estimated size: 11

init2_max7219.c
		_init2_max7219 		CODE           	03AF	0000	77

init2_max7219.c estimated size: 77

interrupt isr.c
		_isr           		CODE           	01B5	0000	121

interrupt isr.c estimated size: 121

send_no_op_spi_byte.c
		_send_no_op_spi		CODE           	0547	0000	15

send_no_op_spi_byte.c estimated size: 15

split_digits.c
		_split_digits  		CODE           	012A	0000	139

split_digits.c estimated size: 139

tmr1On.c
		_tmr1On        		CODE           	0578	0000	8

tmr1On.c estimated size: 8

updateDisplay.c
		_updateDisplay 		CODE           	002D	0000	253

updateDisplay.c estimated size: 253

C:\Program Files (x86)\Microchip\xc8\v1.33\sources\common\awdiv.c
		___awdiv       		CODE           	02FB	0000	91

C:\Program Files (x86)\Microchip\xc8\v1.33\sources\common\awdiv.c estimated size: 91

shared
		__initializatio		CODE           	0015	0000	20
		i1_send_spi_byt		CODE           	0505	0000	18
		i1_send_no_op_s		CODE           	0556	0000	15

shared estimated size: 53

init_spi.c
		_init_spi      		CODE           	0528	0000	16

init_spi.c estimated size: 16

init3_max7219.c
		_init3_max7219 		CODE           	029A	0000	97

init3_max7219.c estimated size: 97

clear_display.c
		_clear_display 		CODE           	0449	0000	71

clear_display.c estimated size: 71

main.c
		_main          		CODE           	0356	0000	89

main.c estimated size: 89

